[00:08:12] [ServerMain/INFO]: [bootstrap] Running Java 21 (OpenJDK 64-Bit Server VM 21.0.8+9-LTS; Red Hat, Inc. (Red_Hat-21.0.8.0.9-1)) on Linux 5.14.0-621.el9.x86_64 (amd64)
[00:08:12] [ServerMain/INFO]: [bootstrap] Loading Paper 1.21.8-60-main@29c8822 (2025-09-06T21:49:13Z) for Minecraft 1.21.8
[00:08:12] [ServerMain/INFO]: [PluginInitializerManager] Initializing plugins...
[00:08:13] [ServerMain/INFO]: [PluginInitializerManager] Initialized 9 plugins
[00:08:13] [ServerMain/INFO]: [PluginInitializerManager] Paper plugins (1):
 - CommandPanels (4.1.1)
[00:08:13] [ServerMain/INFO]: [PluginInitializerManager] Bukkit plugins (8):
 - Essentials (2.21.2), LuckPerms (5.5.17), Multiverse-Core (5.3.0), Multiverse-Inventories (5.2.0), Multiverse-NetherPortals (5.0.3), Multiverse-Portals (5.1.0), Multiverse-SignPortals (5.0.1), Vault (1.7.3-b131)
[00:08:17] [ServerMain/INFO]: Environment: Environment[sessionHost=https://sessionserver.mojang.com, servicesHost=https://api.minecraftservices.com, name=PROD]
[00:08:18] [ServerMain/INFO]: Loaded 1407 recipes
[00:08:18] [ServerMain/INFO]: Loaded 1520 advancements
[00:08:18] [ServerMain/INFO]: [ca.spottedleaf.dataconverter.minecraft.datatypes.MCTypeRegistry] Initialising converters for DataConverter...
[00:08:19] [ServerMain/INFO]: [ca.spottedleaf.dataconverter.minecraft.datatypes.MCTypeRegistry] Finished initialising converters for DataConverter in 312.6ms
[00:08:19] [Server thread/INFO]: Starting minecraft server version 1.21.8
[00:08:19] [Server thread/INFO]: Loading properties
[00:08:19] [Server thread/INFO]: This server is running Paper version 1.21.8-60-main@29c8822 (2025-09-06T21:49:13Z) (Implementing API version 1.21.8-R0.1-SNAPSHOT)
[00:08:19] [Server thread/INFO]: [spark] This server bundles the spark profiler. For more information please visit https://docs.papermc.io/paper/profiling
[00:08:19] [Server thread/INFO]: Server Ping Player Sample Count: 12
[00:08:19] [Server thread/INFO]: Using 4 threads for Netty based IO
[00:08:19] [Server thread/INFO]: [MoonriseCommon] Paper is using 4 worker threads, 1 I/O threads
[00:08:19] [Server thread/INFO]: [ChunkTaskScheduler] Chunk system is using population gen parallelism: true
[00:08:20] [Server thread/INFO]: Default game type: SURVIVAL
[00:08:20] [Server thread/INFO]: Generating keypair
[00:08:20] [Server thread/INFO]: Starting Minecraft server on *:25565
[00:08:20] [Server thread/INFO]: Using epoll channel type
[00:08:20] [Server thread/INFO]: Paper: Using libdeflate (Linux x86_64) compression from Velocity.
[00:08:20] [Server thread/INFO]: Paper: Using OpenSSL 3.x.x (Linux x86_64) cipher from Velocity.
[00:08:20] [Server thread/INFO]: [LuckPerms] Loading server plugin LuckPerms v5.5.17
[00:08:20] [Server thread/INFO]: [LuckPerms] Loading configuration...
[00:08:20] [Server thread/INFO]: [Vault] Loading server plugin Vault v1.7.3-b131
[00:08:20] [Server thread/INFO]: [CoreLogging] Loading server plugin Multiverse-Core v5.3.0
[00:08:20] [Server thread/INFO]: [Multiverse-Portals] Loading server plugin Multiverse-Portals v5.1.0
[00:08:20] [Server thread/INFO]: [Essentials] Loading server plugin Essentials v2.21.2
[00:08:20] [Server thread/INFO]: [Multiverse-SignPortals] Loading server plugin Multiverse-SignPortals v5.0.1
[00:08:20] [Server thread/INFO]: [Multiverse-NetherPortals] Loading server plugin Multiverse-NetherPortals v5.0.3
[00:08:20] [Server thread/INFO]: [Multiverse-Inventories] Loading server plugin Multiverse-Inventories v5.2.0
[00:08:20] [Server thread/INFO]: [CommandPanels] Loading server plugin CommandPanels v4.1.1
[00:08:20] [Server thread/INFO]: Server permissions file permissions.yml is empty, ignoring it
[00:08:20] [Server thread/INFO]: [LuckPerms] Enabling LuckPerms v5.5.17
[00:08:20] [Server thread/INFO]:         __    
[00:08:20] [Server thread/INFO]:   |    |__)   LuckPerms v5.5.17
[00:08:20] [Server thread/INFO]:   |___ |      Running on Bukkit - Paper
[00:08:20] [Server thread/INFO]: 
[00:08:21] [Server thread/INFO]: [LuckPerms] Loading storage provider... [H2]
[00:08:21] [Server thread/INFO]: [LuckPerms] Loading internal permission managers...
[00:08:21] [Server thread/INFO]: [LuckPerms] Performing initial data load...
[00:08:21] [Server thread/INFO]: [LuckPerms] Successfully enabled. (took 1058ms)
[00:08:21] [Server thread/INFO]: [Vault] Enabling Vault v1.7.3-b131
[00:08:21] [Server thread/INFO]: [Vault] [Economy] Essentials Economy found: Waiting
[00:08:21] [Server thread/INFO]: [Vault] [Permission] SuperPermissions loaded as backup permission system.
[00:08:21] [Server thread/INFO]: [Vault] Enabled Version 1.7.3-b131
[00:08:21] [Server thread/INFO]: [LuckPerms] Registered Vault permission & chat hook.
[00:08:21] [Server thread/INFO]: Preparing level "RjsMc_Hub"
[00:08:21] [Server thread/ERROR]: No key layers in MapLike[{}]
[00:08:22] [Server thread/ERROR]: No key layers in MapLike[{}]
[00:08:23] [Server thread/INFO]: Preparing start region for dimension minecraft:overworld
[00:08:23] [Server thread/INFO]: Time elapsed: 12 ms
[00:08:23] [Server thread/INFO]: Preparing start region for dimension minecraft:the_nether
[00:08:23] [Server thread/INFO]: Preparing spawn area: 100%
[00:08:23] [Server thread/INFO]: Preparing spawn area: 100%
[00:08:24] [Server thread/INFO]: Preparing spawn area: 100%
[00:08:24] [Server thread/INFO]: Time elapsed: 1293 ms
[00:08:24] [Server thread/INFO]: Preparing start region for dimension minecraft:the_end
[00:08:24] [Server thread/INFO]: Preparing spawn area: 100%
[00:08:24] [Server thread/INFO]: Time elapsed: 171 ms
[00:08:24] [Server thread/INFO]: [Multiverse-Core] Enabling Multiverse-Core v5.3.0
[00:08:25] [Server thread/INFO]: Preparing start region for dimension minecraft:hub
[00:08:25] [Server thread/INFO]: Preparing spawn area: 0%
[00:08:25] [Server thread/INFO]: Time elapsed: 171 ms
[00:08:25] [Server thread/INFO]: Preparing start region for dimension minecraft:nikoworld_the_end
[00:08:25] [Server thread/INFO]: Preparing spawn area: 0%
[00:08:25] [Server thread/INFO]: Time elapsed: 97 ms
[00:08:25] [Server thread/INFO]: Preparing start region for dimension minecraft:murderrun
[00:08:25] [Server thread/INFO]: Time elapsed: 1 ms
[00:08:25] [Server thread/INFO]: Preparing start region for dimension minecraft:nikoworld
[00:08:25] [Server thread/INFO]: Preparing spawn area: 0%
[00:08:26] [Server thread/INFO]: Time elapsed: 226 ms
[00:08:26] [Server thread/INFO]: Preparing start region for dimension minecraft:nikoworld_nether
[00:08:26] [Server thread/INFO]: Preparing spawn area: 0%
[00:08:26] [Server thread/INFO]: Time elapsed: 111 ms
[00:08:26] [Server thread/INFO]: [Multiverse-Core] API service loaded!
[00:08:26] [Server thread/INFO]: [Multiverse-Core] Version 5.3.0 (API v5.3) Enabled - By dumptruckman, Rigby, fernferret, lithium3141, main--, benwoo1110 and Zax71
[00:08:26] [Server thread/INFO]: [Multiverse-Core] Loving Multiverse-Core? Please consider supporting the project with a small donation: https://github.com/sponsors/Multiverse
[00:08:26] [Server thread/INFO]: [Multiverse-Portals] Enabling Multiverse-Portals v5.1.0
[00:08:26] [Server thread/INFO]: [Multiverse-Portals] 0 - Portals(s) loaded
[00:08:26] [Server thread/INFO]: [Multiverse-Portals 5.1.0]  Enabled - By Rigby, fernferret and benwoo1110
[00:08:26] [Server thread/INFO]: [Essentials] Enabling Essentials v2.21.2
[00:08:27] [Server thread/INFO]: [Essentials] Attempting to convert old kits in config.yml to new kits.yml
[00:08:27] [Server thread/INFO]: [Essentials] No kits found to migrate.
[00:08:27] [Server thread/INFO]: [Essentials] Selected Reflection Formatted Command Alias Provider as the provider for FormattedCommandAliasProvider
[00:08:27] [Server thread/INFO]: [Essentials] Selected Paper Known Commands Provider as the provider for KnownCommandsProvider
[00:08:27] [Server thread/INFO]: [Essentials] Selected 1.20.6+ Potion Meta Provider as the provider for PotionMetaProvider
[00:08:27] [Server thread/INFO]: [Essentials] Selected 1.13+ Spawn Egg Provider as the provider for SpawnEggProvider
[00:08:27] [Server thread/INFO]: [Essentials] Selected 1.14+ Sign Data Provider as the provider for SignDataProvider
[00:08:27] [Server thread/INFO]: [Essentials] Selected 1.8.3+ Spawner Item Provider as the provider for SpawnerItemProvider
[00:08:27] [Server thread/INFO]: [Essentials] Selected 1.12+ Spawner Block Provider as the provider for SpawnerBlockProvider
[00:08:27] [Server thread/INFO]: [Essentials] Selected 1.21.4+ Sync Commands Provider as the provider for SyncCommandsProvider
[00:08:27] [Server thread/INFO]: [Essentials] Selected Paper Container Provider as the provider for ContainerProvider
[00:08:27] [Server thread/INFO]: [Essentials] Selected Reflection Online Mode Provider as the provider for OnlineModeProvider
[00:08:27] [Server thread/INFO]: [Essentials] Selected 1.20.4+ Damage Event Provider as the provider for DamageEventProvider
[00:08:27] [Server thread/INFO]: [Essentials] Selected 1.11+ Item Unbreakable Provider as the provider for ItemUnbreakableProvider
[00:08:27] [Server thread/INFO]: [Essentials] Selected Paper Biome Key Provider as the provider for BiomeKeyProvider
[00:08:27] [Server thread/INFO]: [Essentials] Selected 1.17.1+ World Info Provider as the provider for WorldInfoProvider
[00:08:27] [Server thread/INFO]: [Essentials] Selected Paper Tick Count Provider as the provider for TickCountProvider
[00:08:27] [Server thread/INFO]: [Essentials] Selected 1.12.2+ Player Locale Provider as the provider for PlayerLocaleProvider
[00:08:27] [Server thread/INFO]: [Essentials] Selected 1.14.4+ Persistent Data Container Provider as the provider for PersistentDataProvider
[00:08:27] [Server thread/INFO]: [Essentials] Selected Paper Serialization Provider as the provider for SerializationProvider
[00:08:27] [Server thread/INFO]: [Essentials] Selected 1.21+ InventoryView Interface ABI Provider as the provider for InventoryViewProvider
[00:08:27] [Server thread/INFO]: [Essentials] Selected Paper Server State Provider as the provider for ServerStateProvider
[00:08:27] [Server thread/INFO]: [Essentials] Selected Legacy Biome Name Provider as the provider for BiomeNameProvider
[00:08:27] [Server thread/INFO]: [Essentials] Selected Paper Material Tag Provider as the provider for MaterialTagProvider
[00:08:27] [Server thread/INFO]: [Essentials] Selected 1.20.5+ Banner Data Provider as the provider for BannerDataProvider
[00:08:27] [Server thread/INFO]: [Essentials] Loaded 43880 items from items.json.
[00:08:27] [Server thread/INFO]: [Essentials] Using locale en_US
[00:08:27] [Server thread/INFO]: [Essentials] ServerListPingEvent: Spigot iterator API
[00:08:27] [Server thread/INFO]: [Essentials] Starting Metrics. Opt-out using the global bStats config.
[00:08:27] [Server thread/INFO]: [Vault] [Economy] Essentials Economy hooked.
[00:08:27] [Server thread/INFO]: [Essentials] Using Vault based permissions (LuckPerms)
[00:08:27] [Server thread/INFO]: [Multiverse-SignPortals] Enabling Multiverse-SignPortals v5.0.1
[00:08:27] [Server thread/INFO]: [Multiverse-SignPortals 5.0.1]  Enabled - By Rigby and fernferret
[00:08:27] [Server thread/INFO]: [Multiverse-NetherPortals] Enabling Multiverse-NetherPortals v5.0.3
[00:08:28] [Server thread/INFO]: [Multiverse-NetherPortals 5.0.3]  Enabled - By Rigby, fernferret and benwoo1110
[00:08:28] [Server thread/INFO]: [Multiverse-Inventories] Enabling Multiverse-Inventories v5.2.0
[00:08:28] [Server thread/WARN]: [Multiverse-Inventories] The following worlds for group 'default' does not exist: hub_the_end, hub_nether
[00:08:28] [Server thread/INFO]: [Multiverse-Inventories] Loading player names map...
[00:08:28] [Server thread/INFO]: [Multiverse-Inventories] Version 5.2.0 (API v5.2) Enabled - By dumptruckman and benwoo1110
[00:08:28] [Server thread/INFO]: [CommandPanels] Enabling CommandPanels v4.1.1
[00:08:28] [Server thread/INFO]: [CommandPanels] RockyHawk's CommandPanels v4.1.1 Plugin Loading...
[00:08:28] [Server thread/INFO]: [CommandPanels] RockyHawk's CommandPanels v4.1.1 Plugin Loaded!
[00:08:28] [Server thread/INFO]: [spark] Starting background profiler...
[00:08:28] [Server thread/INFO]: Done preparing level "RjsMc_Hub" (7.055s)
[00:08:28] [Server thread/INFO]: Running delayed init tasks
[00:08:28] [Server thread/INFO]: [Essentials] Essentials found a compatible payment resolution method: Vault Compatibility Layer (v1.7.3-b131)!
[00:08:28] [Craft Scheduler Thread - 3 - Essentials/INFO]: [Essentials] Fetching version information...
[00:08:28] [Server thread/INFO]: [Multiverse-Inventories] First run!
[00:08:28] [Server thread/INFO]: Done (17.318s)! For help, type "help"
[00:08:28] [Craft Scheduler Thread - 4 - Vault/INFO]: [Vault] Checking for Updates ... 
[00:08:28] [Craft Scheduler Thread - 4 - Vault/INFO]: [Vault] No new version available
[00:08:29] [User Authenticator #0/INFO]: UUID of player RjsMc is 2ab00473-091a-46c1-80e9-d7f1b7f1485c
[00:08:29] [Server thread/INFO]: [HorriblePlayerLoginEventHack] You have plugins listening to the PlayerLoginEvent, this will cause re-configuration APIs to be unavailable: [LuckPerms, Essentials]
[00:08:30] [Server thread/INFO]: RjsMc joined the game
[00:08:30] [Server thread/INFO]: RjsMc[/96.231.192.233:60776] logged in with entity id 97 at ([hub]10000.514120497799, -33.0, 10000.480160736386)
[00:08:36] [Server thread/INFO]: RjsMc issued server command: /mv tp e:Hub:
[00:08:39] [Server thread/INFO]: RjsMc issued server command: /gamemode creative
[00:08:40] [Server thread/INFO]: RjsMc issued server command: /mv list
[00:08:48] [Server thread/INFO]: RjsMc issued server command: /mv tp e:Hub:
[00:08:52] [Server thread/INFO]: RjsMc issued server command: /mv tp RjsMc Hub
[00:08:52] [Server thread/WARN]: RjsMc moved too quickly! 11.573012223481783,-8.902052729017804,0.06196964993068832
[00:08:55] [Server thread/INFO]: RjsMc issued server command: /mv tp RjsMc e:Hub:Hub
[00:08:57] [Server thread/INFO]: RjsMc issued server command: /mv tp RjsMc e:Hub
[00:08:58] [Server thread/INFO]: RjsMc issued server command: /mv tp RjsMc e:Hub:
[00:09:01] [Server thread/INFO]: RjsMc issued server command: /mv tp RjsMc e:hub:10000.50,-33.00,10000.50
[00:09:10] [Server thread/INFO]: RjsMc issued server command: /mv tp BIG [SHOT]
[00:09:14] [Server thread/INFO]: RjsMc issued server command: /mv tp RjsMc BIG [SHOT]
[00:09:17] [Server thread/INFO]: RjsMc issued server command: /mv tp RjsMc e:BIG [SHOT]:
[00:09:23] [Server thread/INFO]: RjsMc issued server command: /mv tp RjsMc "BiG [SHOT]"
[00:09:36] [Server thread/INFO]: RjsMc issued server command: /mv remove Hub
[00:09:36] [Server thread/INFO]: [ChunkHolderManager] Waiting 60s for chunk system to halt for world 'hub'
[00:09:36] [Server thread/INFO]: [ChunkHolderManager] Halted chunk system for world 'hub'
[00:09:36] [Server thread/INFO]: [ChunkHolderManager] Saving all chunkholders for world 'hub'
[00:09:36] [Server thread/INFO]: [ChunkHolderManager] Saved 0 block chunks, 11 entity chunks, 0 poi chunks in world 'hub' in 0.01s
[00:09:36] [Server thread/INFO]: [ChunkHolderManager] Waiting 60s for chunk I/O to halt for world 'hub'
[00:09:36] [Server thread/INFO]: [ChunkHolderManager] Halted I/O scheduler for world 'hub'
[00:09:43] [Server thread/INFO]: RjsMc issued server command: /mv teleport RjsMc Hub
[00:09:46] [Server thread/INFO]: RjsMc issued server command: /gamemode creative
[00:09:49] [Server thread/INFO]: RjsMc issued server command: /mv spawn
[00:09:55] [User Authenticator #1/INFO]: UUID of player Ratatooota is af278c86-f662-4229-ac0a-2229fbc99aee
[00:09:55] [Server thread/INFO]: Ratatooota joined the game
[00:09:55] [Server thread/INFO]: Ratatooota[/71.255.241.199:49337] logged in with entity id 363 at ([RjsMc_Hub]8.5, -60.0, 8.5)
[00:10:18] [Server thread/INFO]: RjsMc issued server command: /mv tp Ratatooota e:BIG [SHOT]:
[00:10:24] [Server thread/INFO]: RjsMc issued server command: /mv tp Ratatooota "BIG [SHOT]"
[00:10:26] [Server thread/INFO]: RjsMc issued server command: /tp Ratatooota
[00:10:29] [Server thread/INFO]: RjsMc issued server command: /gamemode creative
[00:11:12] [Server thread/INFO]: RjsMc issued server command: /mv tp Hub
[00:11:16] [Server thread/INFO]: RjsMc issued server command: /mv tp MurderRun
[00:11:21] [Server thread/INFO]: RjsMc issued server command: /mv tp BIG [SHOT]
[00:11:28] [Server thread/INFO]: RjsMc issued server command: /mv tp "BIG [SHOT]"
[00:11:38] [Server thread/INFO]: RjsMc issued server command: /mvinv group
[00:11:50] [Server thread/INFO]: RjsMc issued server command: /mvinv group
[00:12:09] [Server thread/INFO]: RjsMc issued server command: /mvinv group
[00:12:25] [Server thread/INFO]: RjsMc issued server command: /mv list
[00:13:16] [Server thread/INFO]: RjsMc issued server command: /mvinv toggle last_location
[00:13:31] [Server thread/INFO]: RjsMc issued server command: /mv tp Ratatooota hub
[00:13:39] [Server thread/INFO]: RjsMc issued server command: /mv tp Ratatooota "BIG [SHOT]"
[00:13:42] [Server thread/INFO]: RjsMc issued server command: /tp Ratatooota
[00:13:42] [Server thread/WARN]: RjsMc moved too quickly! -99.77157662849538,0.0,-96.12892954889712
[00:13:42] [Server thread/WARN]: RjsMc moved too quickly! -99.77157662849538,0.0,-96.12892954889712
[00:13:42] [Server thread/WARN]: RjsMc moved too quickly! -99.77157662849538,0.0,-96.12892954889712
[00:13:42] [Server thread/WARN]: RjsMc moved too quickly! -99.77157662849538,0.0,-96.12892954889712
[00:13:42] [Server thread/WARN]: RjsMc moved too quickly! -99.77157662849538,0.0,-96.12892954889712
[00:15:00] [Server thread/INFO]: RjsMc issued server command: /mvinv add-shares NikoWorld all
[00:15:05] [Server thread/INFO]: RjsMc issued server command: /mv tp Hub
[00:15:11] [Server thread/INFO]: RjsMc issued server command: /mv tp "BIG [SHOT]"
[00:15:16] [Server thread/INFO]: RjsMc issued server command: /gamemode creative
[00:15:24] [Server thread/INFO]: RjsMc has made the advancement [Ice Bucket Challenge]
[00:15:40] [Server thread/INFO]: RjsMc has made the advancement [We Need to Go Deeper]
[00:15:46] [Server thread/INFO]: RjsMc issued server command: /gamemode creative
[00:15:48] [Server thread/INFO]: RjsMc issued server command: /mv list
[00:15:53] [Server thread/INFO]: RjsMc issued server command: /gamemode creative
[00:15:57] [Server thread/INFO]: RjsMc issued server command: /mvnp list
[00:16:14] [Server thread/INFO]: RjsMc has made the advancement [The End?]
[00:16:17] [Server thread/INFO]: RjsMc issued server command: /mv list
[00:16:34] [Server thread/INFO]: RjsMc issued server command: /mv tp BIG [SHOT]
[00:16:37] [Server thread/INFO]: Ratatooota has made the advancement [The End?]
[00:16:37] [Server thread/INFO]: RjsMc issued server command: /mv tp "BIG [SHOT]"
[00:16:55] [Server thread/INFO]: RjsMc issued server command: /gamemode creative
[00:17:07] [Server thread/INFO]: RjsMc lost connection: Disconnected
[00:17:07] [Server thread/INFO]: RjsMc left the game
[00:17:08] [User Authenticator #2/INFO]: UUID of player RjsMc is 2ab00473-091a-46c1-80e9-d7f1b7f1485c
[00:17:08] [Server thread/INFO]: RjsMc joined the game
[00:17:08] [Server thread/INFO]: RjsMc[/96.231.192.233:54383] logged in with entity id 2376 at ([RjsMc_Hub]8.5, -60.0, 8.5)
[00:17:17] [Server thread/INFO]: RjsMc issued server command: /mv tp "BIG [SHOT]"
[00:17:26] [Server thread/INFO]: RjsMc issued server command: /give RjsMc red_bed
[00:17:36] [Server thread/INFO]: RjsMc issued server command: /tp Ratatooota
[00:17:42] [Server thread/INFO]: RjsMc issued server command: /mv tp "BIG [SHOT]"
[00:17:53] [Server thread/INFO]: RjsMc issued server command: /mv tp NikoWorld_the_end
[00:17:58] [Server thread/INFO]: RjsMc issued server command: /mv tp NikoWorld_the_end
[00:18:02] [Server thread/INFO]: RjsMc issued server command: /mv
[00:18:03] [Server thread/INFO]: RjsMc issued server command: /mv list
[00:18:12] [Server thread/INFO]: RjsMc issued server command: /mv remove NikoWorld_the_end
[00:18:18] [Server thread/INFO]: RjsMc issued server command: /mv remove NikoWorld_the_end --remove-players
[00:18:18] [Server thread/INFO]: [ChunkHolderManager] Waiting 60s for chunk system to halt for world 'NikoWorld_the_end'
[00:18:18] [Server thread/INFO]: [ChunkHolderManager] Halted chunk system for world 'NikoWorld_the_end'
[00:18:18] [Server thread/INFO]: [ChunkHolderManager] Saving all chunkholders for world 'NikoWorld_the_end'
[00:18:18] [Server thread/INFO]: [ChunkHolderManager] Saved 353 block chunks, 48 entity chunks, 0 poi chunks in world 'NikoWorld_the_end' in 0.03s
[00:18:18] [Server thread/INFO]: [ChunkHolderManager] Waiting 60s for chunk I/O to halt for world 'NikoWorld_the_end'
[00:18:18] [Server thread/INFO]: [ChunkHolderManager] Halted I/O scheduler for world 'NikoWorld_the_end'
[00:18:24] [Server thread/INFO]: RjsMc issued server command: /mv tp hub
[00:19:16] [Server thread/INFO]: RjsMc issued server command: /mv teleport "BIG [SHOT]"
[00:19:19] [Server thread/INFO]: Ratatooota fell out of the world
[00:19:32] [Server thread/INFO]: RjsMc issued server command: /mv import NikoWorld_the_end the_end
[00:19:32] [Server thread/INFO]: Preparing start region for dimension minecraft:nikoworld_the_end
[00:19:32] [Server thread/INFO]: Preparing spawn area: 0%
[00:19:32] [Server thread/INFO]: Time elapsed: 12 ms
[00:19:32] [Server thread/WARN]: [Multiverse-Core] Spawn location from world.dat file was unsafe. Adjusting...
[00:19:32] [Server thread/WARN]: [Multiverse-Core] Original Location: X: 0 Y: 62 Z: 0 P: 0 Y: 0 
[00:19:32] [Server thread/INFO]: [Multiverse-Core] New Spawn for 'NikoWorld_the_end' is located at: NikoWorld_the_end:-0.50,61.00,0.50:0.00:0.00
[00:19:34] [Server thread/INFO]: RjsMc issued server command: /mv list
[00:19:38] [Server thread/INFO]: RjsMc issued server command: /mv tp NikoWorld_the_end
[00:19:52] [Server thread/INFO]: RjsMc issued server command: /mvinv add-worlds NikoWorld
[00:19:55] [Server thread/INFO]: RjsMc issued server command: /mvinv add-worlds NikoWorld NikoWorld_the_end
[00:19:58] [Server thread/INFO]: RjsMc issued server command: /mv tp NikoWorld_the_end
[00:20:04] [Server thread/INFO]: RjsMc issued server command: /mv tp Ratatooota NikoWorld_the_end
[00:20:04] [Server thread/ERROR]: Could not pass event PlayerChangedWorldEvent to Multiverse-Inventories v5.2.0
java.lang.IllegalArgumentException: World unloaded
	at com.google.common.base.Preconditions.checkArgument(Preconditions.java:143) ~[guava-33.3.1-jre.jar:?]
	at org.bukkit.Location.getWorld(Location.java:110) ~[paper-api-1.21.8-R0.1-SNAPSHOT.jar:?]
	at multiverse-inventories-5.2.0.jar/org.mvplugins.multiverse.inventories.share.Sharables$18.updatePlayer(Sharables.java:667) ~[multiverse-inventories-5.2.0.jar:?]
	at multiverse-inventories-5.2.0.jar/org.mvplugins.multiverse.inventories.handleshare.ShareHandlingUpdater.lambda$updatePlayer$2(ShareHandlingUpdater.java:72) ~[multiverse-inventories-5.2.0.jar:?]
	at multiverse-core-5.3.0.jar/org.mvplugins.multiverse.external.vavr.control.Try.peek(Try.java:780) ~[multiverse-core-5.3.0.jar:?]
	at multiverse-inventories-5.2.0.jar/org.mvplugins.multiverse.inventories.handleshare.ShareHandlingUpdater.updatePlayer(ShareHandlingUpdater.java:67) ~[multiverse-inventories-5.2.0.jar:?]
	at multiverse-inventories-5.2.0.jar/org.mvplugins.multiverse.inventories.handleshare.ShareHandlingUpdater.updatePlayer(ShareHandlingUpdater.java:26) ~[multiverse-inventories-5.2.0.jar:?]
	at multiverse-inventories-5.2.0.jar/org.mvplugins.multiverse.inventories.handleshare.ShareHandler.updatePlayer(ShareHandler.java:91) ~[multiverse-inventories-5.2.0.jar:?]
	at multiverse-inventories-5.2.0.jar/org.mvplugins.multiverse.inventories.handleshare.ShareHandler.handleSharing(ShareHandler.java:61) ~[multiverse-inventories-5.2.0.jar:?]
	at multiverse-inventories-5.2.0.jar/org.mvplugins.multiverse.inventories.handleshare.WorldChangeShareHandler.handleSharing(WorldChangeShareHandler.java:19) ~[multiverse-inventories-5.2.0.jar:?]
	at multiverse-inventories-5.2.0.jar/org.mvplugins.multiverse.inventories.listeners.ShareHandleListener.playerChangedWorld(ShareHandleListener.java:225) ~[multiverse-inventories-5.2.0.jar:?]
	at co.aikar.timings.TimedEventExecutor.execute(TimedEventExecutor.java:80) ~[paper-api-1.21.8-R0.1-SNAPSHOT.jar:?]
	at org.bukkit.plugin.RegisteredListener.callEvent(RegisteredListener.java:71) ~[paper-api-1.21.8-R0.1-SNAPSHOT.jar:?]
	at io.papermc.paper.plugin.manager.PaperEventManager.callEvent(PaperEventManager.java:54) ~[paper-1.21.8.jar:1.21.8-60-29c8822]
	at io.papermc.paper.plugin.manager.PaperPluginManagerImpl.callEvent(PaperPluginManagerImpl.java:131) ~[paper-1.21.8.jar:1.21.8-60-29c8822]
	at org.bukkit.plugin.SimplePluginManager.callEvent(SimplePluginManager.java:628) ~[paper-api-1.21.8-R0.1-SNAPSHOT.jar:?]
	at net.minecraft.server.players.PlayerList.respawn(PlayerList.java:806) ~[paper-1.21.8.jar:1.21.8-60-29c8822]
	at org.bukkit.craftbukkit.entity.CraftPlayer.teleport(CraftPlayer.java:1458) ~[paper-1.21.8.jar:1.21.8-60-29c8822]
	at org.bukkit.craftbukkit.entity.CraftEntity.lambda$teleportAsync$4(CraftEntity.java:1132) ~[paper-1.21.8.jar:1.21.8-60-29c8822]
	at net.minecraft.server.TickTask.run(TickTask.java:18) ~[paper-1.21.8.jar:1.21.8-60-29c8822]
	at net.minecraft.util.thread.BlockableEventLoop.doRunTask(BlockableEventLoop.java:155) ~[paper-1.21.8.jar:1.21.8-60-29c8822]
	at net.minecraft.util.thread.ReentrantBlockableEventLoop.doRunTask(ReentrantBlockableEventLoop.java:24) ~[paper-1.21.8.jar:1.21.8-60-29c8822]
	at net.minecraft.server.MinecraftServer.doRunTask(MinecraftServer.java:1450) ~[paper-1.21.8.jar:1.21.8-60-29c8822]
	at net.minecraft.server.MinecraftServer.doRunTask(MinecraftServer.java:176) ~[paper-1.21.8.jar:1.21.8-60-29c8822]
	at net.minecraft.util.thread.BlockableEventLoop.pollTask(BlockableEventLoop.java:129) ~[paper-1.21.8.jar:1.21.8-60-29c8822]
	at net.minecraft.server.MinecraftServer.pollTaskInternal(MinecraftServer.java:1430) ~[paper-1.21.8.jar:1.21.8-60-29c8822]
	at net.minecraft.server.MinecraftServer.pollTask(MinecraftServer.java:1424) ~[paper-1.21.8.jar:1.21.8-60-29c8822]
	at net.minecraft.util.thread.BlockableEventLoop.managedBlock(BlockableEventLoop.java:139) ~[paper-1.21.8.jar:1.21.8-60-29c8822]
	at net.minecraft.server.MinecraftServer.managedBlock(MinecraftServer.java:1381) ~[paper-1.21.8.jar:1.21.8-60-29c8822]
	at net.minecraft.server.MinecraftServer.waitUntilNextTick(MinecraftServer.java:1389) ~[paper-1.21.8.jar:1.21.8-60-29c8822]
	at net.minecraft.server.MinecraftServer.runServer(MinecraftServer.java:1266) ~[paper-1.21.8.jar:1.21.8-60-29c8822]
	at net.minecraft.server.MinecraftServer.lambda$spin$2(MinecraftServer.java:310) ~[paper-1.21.8.jar:1.21.8-60-29c8822]
	at java.base/java.lang.Thread.run(Thread.java:1583) ~[?:?]
[00:20:05] [Server thread/INFO]: RjsMc issued server command: /tp Ratatooota
[00:20:06] [Server thread/WARN]: RjsMc moved too quickly! -36.852670566891575,-1.0,151.9560310270817
[00:20:12] [Server thread/INFO]: RjsMc issued server command: /gamemode creative
[00:20:37] [Server thread/INFO]: RjsMc issued server command: /mv list
[00:20:46] [Server thread/INFO]: RjsMc issued server command: /mv whoall
[00:21:04] [Server thread/INFO]: RjsMc issued server command: /mvtp e:NikoWorld_the_end:
[00:21:06] [Server thread/INFO]: RjsMc issued server command: /mvtp e:NikoWorld_the_end: ~ ~ ~
[00:21:10] [Server thread/INFO]: RjsMc issued server command: /mvtp e:NikoWorld_the_end: --unsafe
[00:21:14] [Server thread/INFO]: RjsMc issued server command: /mvtp RjsMc e:NikoWorld_the_end: --unsafe
[00:21:17] [Server thread/INFO]: RjsMc issued server command: /mvtp RjsMc e:NikoWorld_the_end:64.23,61.00,6.90
[00:21:19] [Server thread/INFO]: RjsMc issued server command: /mvtp RjsMc e:NikoWorld_the_end:64.23,61.00,6.90 --unsafe
[00:21:23] [Server thread/INFO]: RjsMc was slain by Enderman
[00:21:27] [Server thread/INFO]: RjsMc issued server command: /mv tp Hub
[00:21:28] [Server thread/INFO]: RjsMc issued server command: /mvtp RjsMc e:NikoWorld_the_end:64.23,61.00,6.90 --unsafe
[00:21:33] [Server thread/INFO]: Ratatooota issued server command: /gamemode creative
[00:21:57] [Server thread/INFO]: RjsMc issued server command: /mvtp RjsMc NikoWorld_the_end
[00:22:06] [Server thread/INFO]: RjsMc issued server command: /tp Ratatooota
[00:22:29] [Server thread/INFO]: RjsMc issued server command: /mv
[00:22:30] [Server thread/INFO]: RjsMc issued server command: /mv help
[00:22:44] [Server thread/INFO]: RjsMc issued server command: /gamemode creative
[00:22:51] [Server thread/INFO]: RjsMc issued server command: /mv list
[00:23:10] [Server thread/INFO]: RjsMc issued server command: /mv tp "BIG [SHOT]"
[00:23:13] [Server thread/INFO]: RjsMc issued server command: /mv tp Ratatooota "BIG [SHOT]"
[00:23:15] [Server thread/INFO]: RjsMc issued server command: /gamemode creative
[00:23:24] [Server thread/INFO]: RjsMc issued server command: /mvinv group
[00:24:01] [Server thread/INFO]: RjsMc issued server command: /gamemode creative
[00:24:16] [Server thread/INFO]: RjsMc issued server command: /gamemode creative
[00:24:58] [Server thread/INFO]: RjsMc issued server command: /place structure minecraft:mansion ~ ~ ~
[00:24:59] [Server thread/INFO]: [RjsMc: Generated structure "minecraft:mansion" at -29, 71, -68]
[00:25:11] [Server thread/INFO]: Ratatooota lost connection: Disconnected
[00:25:11] [Server thread/INFO]: Ratatooota left the game
[00:25:17] [Server thread/INFO]: RjsMc lost connection: Disconnected
[00:25:17] [Server thread/INFO]: RjsMc left the game
[00:25:18] [User Authenticator #3/INFO]: UUID of player RjsMc is 2ab00473-091a-46c1-80e9-d7f1b7f1485c
[00:25:18] [Server thread/INFO]: RjsMc joined the game
[00:25:18] [Server thread/INFO]: RjsMc[/96.231.192.233:59602] logged in with entity id 4779 at ([RjsMc_Hub]8.5, -60.0, 8.5)
[00:25:21] [Server thread/INFO]: RjsMc issued server command: /gamemode creative
[00:25:22] [Server thread/INFO]: RjsMc issued server command: /mv list
[00:25:38] [Server thread/INFO]: RjsMc issued server command: /mv remove MurderRun
[00:25:39] [Server thread/INFO]: [ChunkHolderManager] Waiting 60s for chunk system to halt for world 'MurderRun'
[00:25:39] [Server thread/INFO]: [ChunkHolderManager] Halted chunk system for world 'MurderRun'
[00:25:39] [Server thread/INFO]: [ChunkHolderManager] Saving all chunkholders for world 'MurderRun'
[00:25:39] [Server thread/INFO]: [ChunkHolderManager] Saved 0 block chunks, 0 entity chunks, 0 poi chunks in world 'MurderRun' in 0.00s
[00:25:39] [Server thread/INFO]: [ChunkHolderManager] Waiting 60s for chunk I/O to halt for world 'MurderRun'
[00:25:39] [Server thread/INFO]: [ChunkHolderManager] Halted I/O scheduler for world 'MurderRun'
[00:25:46] [User Authenticator #3/INFO]: UUID of player Ratatooota is af278c86-f662-4229-ac0a-2229fbc99aee
[00:25:47] [Server thread/INFO]: Ratatooota joined the game
[00:25:47] [Server thread/INFO]: Ratatooota[/71.255.241.199:51414] logged in with entity id 4780 at ([RjsMc_Hub]8.5, -60.0, 8.5)
[00:27:01] [Server thread/INFO]: RjsMc issued server command: /mv create MurderRun normal --world-type flat --generator-settings {"layers":[{"block":"air","height":1}],"biome":"the_void","features":true}
[00:27:20] [Server thread/INFO]: RjsMc issued server command: /mv import MurderRun normal --world-type flat --generator-settings {"layers":[{"block":"air","height":1}],"biome":"the_void","features":true}
[00:27:37] [Server thread/INFO]: RjsMc issued server command: /mv import MurderRun normal --generator-settings {"layers":[{"block":"air","height":1}],"biome":"the_void","features":true}
[00:27:46] [Server thread/INFO]: RjsMc issued server command: /mv import MurderRun normal --generato {"layers":[{"block":"air","height":1}],"biome":"the_void","features":true}
[00:27:49] [Server thread/INFO]: RjsMc issued server command: /mv import MurderRun normal --generator {"layers":[{"block":"air","height":1}],"biome":"the_void","features":true}
[00:27:49] [Server thread/INFO]: Could not set generator for world 'MurderRun': Plugin '{"layers"' does not exist
[00:27:49] [Server thread/INFO]: Preparing start region for dimension minecraft:murderrun
[00:27:49] [Server thread/INFO]: Time elapsed: 1 ms
[00:27:54] [Server thread/INFO]: RjsMc issued server command: /mv tp MurderRun
[00:28:00] [Server thread/INFO]: RjsMc issued server command: /mv tp hub
[00:28:02] [Server thread/INFO]: RjsMc issued server command: /mvspawn
[00:28:08] [Server thread/INFO]: RjsMc issued server command: /mv delete MurderRun
[00:28:11] [Server thread/INFO]: RjsMc issued server command: /mv confirm 842
[00:28:11] [Server thread/INFO]: [ChunkHolderManager] Waiting 60s for chunk system to halt for world 'MurderRun'
[00:28:11] [Server thread/INFO]: [ChunkHolderManager] Halted chunk system for world 'MurderRun'
[00:28:11] [Server thread/INFO]: [ChunkHolderManager] Waiting 60s for chunk I/O to halt for world 'MurderRun'
[00:28:11] [Server thread/INFO]: [ChunkHolderManager] Halted I/O scheduler for world 'MurderRun'
[00:28:13] [Server thread/INFO]: RjsMc issued server command: /mv import MurderRun normal --generator-settings {"layers":[{"block":"air","height":1}],"biome":"the_void","features":true}
[00:28:21] [Server thread/INFO]: RjsMc issued server command: /mv create MurderRun normal --world-type flat --generator-settings {"layers":[{"block":"air","height":1}],"biome":"the_void","features":true}
[00:28:21] [Server thread/INFO]: Preparing start region for dimension minecraft:murderrun
[00:28:21] [Server thread/INFO]: Preparing spawn area: 0%
[00:28:21] [Server thread/INFO]: Time elapsed: 31 ms
[00:28:25] [Server thread/INFO]: RjsMc issued server command: /mv tp MurderRun
[00:28:55] [Server thread/INFO]: RjsMc issued server command: /gamemode creative
[00:29:04] [Server thread/INFO]: RjsMc has made the advancement [Stone Age]
[00:29:10] [Server thread/INFO]: RjsMc issued server command: /tp RjsMc ~ ~50 ~
[00:29:10] [Server thread/WARN]: RjsMc moved too quickly! -0.034892732491218936,50.0,0.1394484222419763
[00:29:10] [Server thread/WARN]: RjsMc moved too quickly! -0.034892732491218936,50.0,0.1394484222419763
[00:29:16] [Server thread/INFO]: RjsMc issued server command: /setblock ~ ~ ~ minecraft:cobblestone
[00:29:16] [Server thread/INFO]: [RjsMc: Changed the block at 8, -11, 8]
[00:29:45] [Server thread/INFO]: RjsMc issued server command: /mvsetspawn
[00:29:54] [Server thread/INFO]: RjsMc issued server command: /mvspawn
[00:29:54] [Server thread/WARN]: RjsMc moved too quickly! 10.915729107202573,50.0,-10.448401423914301
[00:29:54] [Server thread/WARN]: RjsMc moved too quickly! 10.915729107202573,50.0,-10.448401423914301
[00:30:00] [Server thread/INFO]: RjsMc issued server command: /mvtp Hub
[00:30:06] [Server thread/INFO]: RjsMc issued server command: /gamemode creative
[00:30:08] [Server thread/INFO]: RjsMc issued server command: /tp RjsMc ~ ~50 ~
[00:30:08] [Server thread/WARN]: RjsMc moved too quickly! 0.05541119354874091,50.0,0.1427569911001214
[00:30:08] [Server thread/WARN]: RjsMc moved too quickly! 0.05541119354874091,50.0,0.1427569911001214
[00:30:08] [Server thread/WARN]: RjsMc moved too quickly! 0.05541119354874091,50.0,0.1427569911001214
[00:30:08] [Server thread/WARN]: RjsMc moved too quickly! 0.05541119354874091,50.0,0.1427569911001214
[00:30:08] [Server thread/WARN]: RjsMc moved too quickly! 0.05541119354874091,50.0,0.1427569911001214
[00:30:11] [Server thread/INFO]: RjsMc issued server command: /setblock ~ ~ ~ minecraft:cobblestone
[00:30:11] [Server thread/INFO]: [RjsMc: Changed the block at 8, -10, 8]
[00:30:30] [Server thread/INFO]: RjsMc issued server command: /mvsetspawn
[00:30:42] [Server thread/INFO]: RjsMc issued server command: /mvinv group
[00:30:53] [Server thread/INFO]: RjsMc issued server command: /mv
[00:31:07] [Async Chat Thread - #8/INFO]: [Hub] <RjsMc> test
[00:31:35] [Server thread/INFO]: RjsMc issued server command: /mvspawn
[00:31:35] [Server thread/WARN]: RjsMc moved too quickly! 2.398416626020535,48.45683059288413,-1.3070715773113886
[00:31:35] [Server thread/WARN]: RjsMc moved too quickly! 2.398416626020535,48.45683059288413,-1.3070715773113886
[00:31:35] [Server thread/WARN]: RjsMc moved too quickly! 2.398416626020535,48.45683059288413,-1.3070715773113886
[00:31:35] [Server thread/WARN]: RjsMc moved too quickly! 2.398416626020535,48.45683059288413,-1.3070715773113886
[00:32:14] [Server thread/INFO]: RjsMc issued server command: /mvspawn
[00:32:25] [Server thread/INFO]: RjsMc issued server command: /mvspawn
[00:32:32] [Server thread/INFO]: RjsMc issued server command: /setspawn
[00:32:34] [Server thread/INFO]: RjsMc issued server command: /hub
[00:33:00] [Server thread/INFO]: RjsMc issued server command: /mvspawn
[00:33:00] [Server thread/WARN]: RjsMc moved too quickly! 1.4666263712015501,32.009545657774446,2.850837386458064
[00:33:00] [Server thread/WARN]: RjsMc moved too quickly! 1.4666263712015501,32.009545657774446,2.850837386458064
[00:33:05] [Server thread/INFO]: RjsMc issued server command: /mv anchor list
[00:33:08] [Server thread/INFO]: RjsMc issued server command: /mv anchor set
[00:33:09] [Server thread/INFO]: RjsMc issued server command: /mv anchor set
[00:33:48] [Server thread/INFO]: RjsMc issued server command: /mv anchor set Hub
[00:33:54] [Server thread/INFO]: RjsMc issued server command: /Hub
[00:33:58] [Server thread/INFO]: RjsMc issued server command: /mvtp a:Hub
[00:34:00] [Server thread/INFO]: RjsMc issued server command: /mvtp a:Hub
[00:34:02] [Server thread/INFO]: RjsMc issued server command: /mvtp a:Hub
[00:34:02] [Server thread/WARN]: RjsMc moved too quickly! 3.3911605623061822,21.833508822349202,-0.25937025955961523
[00:34:02] [Server thread/WARN]: RjsMc moved too quickly! 3.3911605623061822,21.833508822349202,-0.25937025955961523
[00:34:14] [Server thread/INFO]: RjsMc issued server command: /mv config first-spawn-location a:Hub\
[00:34:15] [Server thread/INFO]: RjsMc issued server command: /mv config first-spawn-location a:Hub
[00:34:28] [Server thread/INFO]: RjsMc issued server command: /essentials commands
[00:34:40] [Server thread/INFO]: RjsMc issued server command: /permission editor
[00:34:58] [Server thread/INFO]: RjsMc issued server command: /hub
[00:38:28] [Server thread/INFO]: RjsMc issued server command: /mv teleport BIG [SHOT]
[00:38:32] [Server thread/INFO]: RjsMc issued server command: /mv teleport NikoWorld_nether
[00:38:37] [Server thread/INFO]: RjsMc issued server command: /mvspawn
[00:38:37] [Server thread/WARN]: RjsMc moved too quickly! 54.63033095839988,-8.0,21.356504648697445
[00:38:37] [Server thread/WARN]: RjsMc moved too quickly! 54.63033095839988,-8.0,21.356504648697445
[00:38:42] [Server thread/INFO]: RjsMc issued server command: /mvtp a:Hub
[00:38:48] [Server thread/INFO]: RjsMc issued server command: /mvtp a:Hub
[00:38:48] [Server thread/WARN]: RjsMc moved too quickly! 1.0449873863861558,51.0,0.8682681674823733
[00:38:48] [Server thread/WARN]: RjsMc moved too quickly! 1.0449873863861558,51.0,0.8682681674823733
[00:38:48] [Server thread/WARN]: RjsMc moved too quickly! 1.0449873863861558,51.0,0.8682681674823733
[00:39:07] [Server thread/INFO]: RjsMc issued server command: /mv modify Hub set adjust-spawn false
[00:39:13] [Server thread/INFO]: RjsMc issued server command: /mv modify Hub set pvp false
[00:39:20] [Server thread/INFO]: RjsMc issued server command: /mv modify Hub set auto-heal false
[00:39:25] [Server thread/INFO]: RjsMc issued server command: /mv modify Hub set auto-load true
[00:39:33] [Server thread/INFO]: RjsMc issued server command: /mv modify Hub set hunger false
[00:40:00] [Server thread/INFO]: RjsMc issued server command: /mvinv add-shares Hub_Group last_location
[00:40:10] [Server thread/INFO]: RjsMc issued server command: /mvinv toggle last_location
[00:40:13] [Server thread/INFO]: RjsMc fell from a high place
[00:40:38] [Server thread/INFO]: RjsMc issued server command: /mv tp NikoWorld_nether
[00:40:40] [Server thread/INFO]: RjsMc issued server command: /mvtp
[00:40:42] [Server thread/INFO]: RjsMc issued server command: /mvtp a:Hub
[00:40:46] [Server thread/INFO]: RjsMc fell from a high place
[00:40:53] [Server thread/INFO]: RjsMc issued server command: /gamemode creative
[00:40:56] [Server thread/INFO]: RjsMc issued server command: /mv tp NikoWorld_nether
[00:40:57] [Server thread/INFO]: RjsMc issued server command: /mvtp a:Hub
[00:41:00] [Server thread/INFO]: RjsMc issued server command: /gamemode creative
[00:42:56] [Server thread/INFO]: RjsMc issued server command: /spawn
[00:42:57] [Server thread/INFO]: RjsMc issued server command: /spawn
[00:46:26] [Server thread/INFO]: RjsMc issued server command: /spawn
[00:46:28] [Server thread/INFO]: RjsMc issued server command: /spawn
[00:46:32] [Server thread/INFO]: RjsMc issued server command: /essentials:spawn
[00:47:11] [Server thread/INFO]: RjsMc issued server command: /icanhasbukkit
[00:48:26] [Server thread/INFO]: Ratatooota lost connection: Disconnected
[00:48:26] [Server thread/INFO]: Ratatooota left the game
